<html>
<body>
<pre>
<h1>µVision Build Log</h1>
<h2>Tool Versions:</h2>
IDE-Version: µVision V5.14.0.0
Copyright (C) 2015 ARM Ltd and ARM Germany GmbH. All rights reserved.
License Information: L J, T, LIC=9N02Z-JZHFP-C1UPU-S631I-LL223-71CMA
 
Tool Versions:
Toolchain:       MDK-ARM Professional  Version: 5.14.0.0
Toolchain Path:  C:\Keil_v5\ARM\ARMCC\Bin
C Compiler:      Armcc.exe V5.05 update 1 (build 106)
Assembler:       Armasm.exe V5.05 update 1 (build 106)
Linker/Locator:  ArmLink.exe V5.05 update 1 (build 106)
Library Manager: ArmAr.exe V5.05 update 1 (build 106)
Hex Converter:   FromElf.exe V5.05 update 1 (build 106)
CPU DLL:         SARMCM3.DLL V5.14.0.0
Dialog DLL:      DCM.DLL V1.13.1.0
Target DLL:      UL2CM3.DLL V1.155.0.0
Dialog DLL:      TCM.DLL V1.14.4.0
 
<h2>Project:</h2>
G:\T3_6CT\T3_ARM\USER\test.uvprojx
Project File Date:  06/21/2017

<h2>Output:</h2>
Build target 'STM32F103'
linking...
Program Size: Code=93434 RO-data=2458 RW-data=644 ZI-data=62452  
FromELF: creating hex file...
"..\OBJ\T3_6cta_REV2_4.axf" - 0 Error(s), 0 Warning(s).

<h2>Collection of Component include folders:</h2>
  G:\T3_6CT\T3_ARM\USER\RTE
  C:\Keil_v5\ARM\PACK\Keil\STM32F1xx_DFP\2.0.0

<h2>Collection of Component Files used:</h2>
</pre>
</body>
</html>
