<html>
<body>
<pre>
<h1>µVision Build Log</h1>
<h2>Tool Versions:</h2>
IDE-Version: µVision V5.14.0.0
Copyright (C) 2015 ARM Ltd and ARM Germany GmbH. All rights reserved.
License Information: L J, T, LIC=9N02Z-JZHFP-C1UPU-S631I-LL223-71CMA
 
Tool Versions:
Toolchain:       MDK-ARM Professional  Version: 5.14.0.0
Toolchain Path:  C:\Keil_v5\ARM\ARMCC\Bin
C Compiler:      Armcc.exe V5.05 update 1 (build 106)
Assembler:       Armasm.exe V5.05 update 1 (build 106)
Linker/Locator:  ArmLink.exe V5.05 update 1 (build 106)
Library Manager: ArmAr.exe V5.05 update 1 (build 106)
Hex Converter:   FromElf.exe V5.05 update 1 (build 106)
CPU DLL:         SARMCM3.DLL V5.14.0.0
Dialog DLL:      DCM.DLL V1.13.1.0
Target DLL:      UL2CM3.DLL V1.155.0.0
Dialog DLL:      TCM.DLL V1.14.4.0
 
<h2>Project:</h2>
G:\T3_6CT\T3_ARM\USER\test.uvprojx
Project File Date:  06/02/2017

<h2>Output:</h2>
Build target 'STM32F103'
compiling rfm69.c...
..\RFM\rfm69.h(60): warning:  #1295-D: Deprecated declaration noInterrupts - give arg types
  extern void noInterrupts();                // function to disable interrupts
..\RFM\rfm69.h(61): warning:  #1295-D: Deprecated declaration interrupts - give arg types
  extern void interrupts();                  // function to enable interrupts
..\RFM\rfm69.h(81): warning:  #1295-D: Deprecated declaration RFM69_getFrequency - give arg types
  extern uint32_t RFM69_getFrequency();
..\RFM\rfm69.h(82): warning:  #1295-D: Deprecated declaration RFM69_getAddress - give arg types
  extern uint8_t RFM69_getAddress();
..\RFM\rfm69.h(83): warning:  #1295-D: Deprecated declaration RFM69_getNetwork - give arg types
  extern uint16_t RFM69_getNetwork();
..\RFM\rfm69.h(87): warning:  #1-D: last line of file ends without a newline
  //#endif
..\RFM\rfm69.c(65): warning:  #1295-D: Deprecated declaration noInterrupts - give arg types
  void noInterrupts();                // function to disable interrupts
..\RFM\rfm69.c(66): warning:  #1295-D: Deprecated declaration interrupts - give arg types
  void interrupts();                  // function to enable interrupts
..\RFM\rfm69.c(424): warning:  #550-D: variable "freq" was set but never used
        uint32_t freq;
..\RFM\rfm69.c(626): warning:  #550-D: variable "regVal" was set but never used
    uint8_t regVal;
..\RFM\rfm69.c(629): warning:  #177-D: variable "capVal" was declared but never referenced
    int capVal;
..\RFM\rfm69.c(632): warning:  #177-D: variable "modeFSK" was declared but never referenced
    uint8_t modeFSK = 0;
..\RFM\rfm69.c(633): warning:  #177-D: variable "bitRate" was declared but never referenced
    int bitRate = 0;
..\RFM\rfm69.c(634): warning:  #177-D: variable "freqDev" was declared but never referenced
    int freqDev = 0;
..\RFM\rfm69.c(635): warning:  #177-D: variable "freqCenter" was declared but never referenced
    long freqCenter = 0;
..\RFM\rfm69.c(992): warning:  #1-D: last line of file ends without a newline
  #endif
..\RFM\rfm69.c: 16 warnings, 0 errors
linking...
Program Size: Code=109126 RO-data=2470 RW-data=672 ZI-data=62656  
FromELF: creating hex file...
"..\OBJ\T3_6cta_testRFM.axf" - 0 Error(s), 16 Warning(s).

<h2>Collection of Component include folders:</h2>
  G:\T3_6CT\T3_ARM\USER\RTE
  C:\Keil_v5\ARM\PACK\Keil\STM32F1xx_DFP\2.0.0

<h2>Collection of Component Files used:</h2>
</pre>
</body>
</html>
