<html>
<body>
<pre>
<h1>µVision Build Log</h1>
<h2>Tool Versions:</h2>
IDE-Version: µVision V5.14.0.0
Copyright (C) 2015 ARM Ltd and ARM Germany GmbH. All rights reserved.
License Information: L J, T, LIC=9N02Z-JZHFP-C1UPU-S631I-LL223-71CMA
 
Tool Versions:
Toolchain:       MDK-ARM Professional  Version: 5.14.0.0
Toolchain Path:  C:\Keil_v5\ARM\ARMCC\Bin
C Compiler:      Armcc.exe V5.05 update 1 (build 106)
Assembler:       Armasm.exe V5.05 update 1 (build 106)
Linker/Locator:  ArmLink.exe V5.05 update 1 (build 106)
Library Manager: ArmAr.exe V5.05 update 1 (build 106)
Hex Converter:   FromElf.exe V5.05 update 1 (build 106)
CPU DLL:         SARMCM3.DLL V5.14.0.0
Dialog DLL:      DCM.DLL V1.13.1.0
Target DLL:      UL2CM3.DLL V1.155.0.0
Dialog DLL:      TCM.DLL V1.14.4.0
 
<h2>Project:</h2>
G:\T3_6CT\T3_ARM\USER\test.uvprojx
Project File Date:  06/28/2017

<h2>Output:</h2>
Build target 'STM32F103'
compiling inputs.c...
inputs.c(290): warning:  #550-D: variable "siDelta" was set but never used
        s16  siDelta = 0;
inputs.c(519): warning:  #177-D: variable "port_temp" was declared but never referenced
        u16 port_temp;
inputs.c(520): warning:  #177-D: variable "swap_adc" was declared but never referenced
        u16     swap_adc ;
inputs.c(522): warning:  #177-D: variable "ad_buf" was declared but never referenced
        uint16_t ad_buf = 0 ;
inputs.c: 4 warnings, 0 errors
compiling store.c...
linking...
Program Size: Code=93758 RO-data=2454 RW-data=644 ZI-data=62516  
FromELF: creating hex file...
"..\OBJ\T3_6cta_REV2_5.axf" - 0 Error(s), 4 Warning(s).

<h2>Collection of Component include folders:</h2>
  G:\T3_6CT\T3_ARM\USER\RTE
  C:\Keil_v5\ARM\PACK\Keil\STM32F1xx_DFP\2.0.0

<h2>Collection of Component Files used:</h2>
</pre>
</body>
</html>
