<html>
<body>
<pre>
<h1>µVision Build Log</h1>
<h2>Tool Versions:</h2>
IDE-Version: µVision V5.14.0.0
Copyright (C) 2015 ARM Ltd and ARM Germany GmbH. All rights reserved.
License Information: L J, T, LIC=9N02Z-JZHFP-C1UPU-S631I-LL223-71CMA
 
Tool Versions:
Toolchain:       MDK-ARM Professional  Version: 5.14.0.0
Toolchain Path:  C:\Keil_v5\ARM\ARMCC\Bin
C Compiler:      Armcc.exe V5.05 update 1 (build 106)
Assembler:       Armasm.exe V5.05 update 1 (build 106)
Linker/Locator:  ArmLink.exe V5.05 update 1 (build 106)
Library Manager: ArmAr.exe V5.05 update 1 (build 106)
Hex Converter:   FromElf.exe V5.05 update 1 (build 106)
CPU DLL:         SARMCM3.DLL V5.14.0.0
Dialog DLL:      DCM.DLL V1.13.1.0
Target DLL:      UL2CM3.DLL V1.155.0.0
Dialog DLL:      TCM.DLL V1.14.4.0
 
<h2>Project:</h2>
G:\T3_6CT\T3_ARM\USER\test.uvprojx
Project File Date:  06/21/2017

<h2>Output:</h2>
Build target 'STM32F103'
compiling modbus.c...
..\RFM\rfm69.h(64): warning:  #1295-D: Deprecated declaration noInterrupts - give arg types
  extern void noInterrupts();                // function to disable interrupts
..\RFM\rfm69.h(65): warning:  #1295-D: Deprecated declaration interrupts - give arg types
  extern void interrupts();                  // function to enable interrupts
..\RFM\rfm69.h(85): warning:  #1295-D: Deprecated declaration RFM69_getFrequency - give arg types
  extern uint32_t RFM69_getFrequency();
..\RFM\rfm69.h(86): warning:  #1295-D: Deprecated declaration RFM69_getAddress - give arg types
  extern uint8_t RFM69_getAddress();
..\RFM\rfm69.h(87): warning:  #1295-D: Deprecated declaration RFM69_getNetwork - give arg types
  extern uint16_t RFM69_getNetwork();
..\RFM\rfm69.h(91): warning:  #1-D: last line of file ends without a newline
  //#endif
..\ACCELERO\accelero_meter.h(47): warning:  #1-D: last line of file ends without a newline
  //#endif
..\MODBUS\modbus.c(585): warning:  #177-D: variable "modbus_temp" was declared but never referenced
              u16 modbus_temp ;
..\MODBUS\modbus.c(586): warning:  #177-D: variable "cal_temp" was declared but never referenced
              s16 cal_temp = 0 ;
..\MODBUS\modbus.c(210): warning:  #177-D: variable "div_buf" was declared but never referenced
     u8 div_buf ;
..\MODBUS\modbus.c(1807): warning:  #223-D: function "RFM69_select" declared implicitly
                         RFM69_select();
..\MODBUS\modbus.c(1810): warning:  #223-D: function "RFM69_unselect" declared implicitly
                                RFM69_unselect();
..\MODBUS\modbus.c(1488): warning:  #177-D: variable "div_temp" was declared but never referenced
        u16 div_temp ;
..\MODBUS\modbus.c(1489): warning:  #177-D: variable "address_buf" was declared but never referenced
        u16 address_buf ;
..\MODBUS\modbus.c: 14 warnings, 0 errors
linking...
Program Size: Code=93434 RO-data=2458 RW-data=644 ZI-data=62452  
FromELF: creating hex file...
"..\OBJ\T3_6cta_REV2_3_testCT.axf" - 0 Error(s), 14 Warning(s).

<h2>Collection of Component include folders:</h2>
  G:\T3_6CT\T3_ARM\USER\RTE
  C:\Keil_v5\ARM\PACK\Keil\STM32F1xx_DFP\2.0.0

<h2>Collection of Component Files used:</h2>
</pre>
</body>
</html>
