<html>
<body>
<pre>
<h1>µVision Build Log</h1>
<h2>Tool Versions:</h2>
IDE-Version: µVision V5.14.0.0
Copyright (C) 2015 ARM Ltd and ARM Germany GmbH. All rights reserved.
License Information: L J, T, LIC=9N02Z-JZHFP-C1UPU-S631I-LL223-71CMA
 
Tool Versions:
Toolchain:       MDK-ARM Professional  Version: 5.14.0.0
Toolchain Path:  C:\Keil_v5\ARM\ARMCC\Bin
C Compiler:      Armcc.exe V5.05 update 1 (build 106)
Assembler:       Armasm.exe V5.05 update 1 (build 106)
Linker/Locator:  ArmLink.exe V5.05 update 1 (build 106)
Library Manager: ArmAr.exe V5.05 update 1 (build 106)
Hex Converter:   FromElf.exe V5.05 update 1 (build 106)
CPU DLL:         SARMCM3.DLL V5.14.0.0
Dialog DLL:      DCM.DLL V1.13.1.0
Target DLL:      UL2CM3.DLL V1.155.0.0
Dialog DLL:      TCM.DLL V1.14.4.0
 
<h2>Project:</h2>
G:\T3_6CT\T3_ARM\USER\test.uvprojx
Project File Date:  06/23/2017

<h2>Output:</h2>
Build target 'STM32F103'
compiling main.c...
..\RFM\rfm69.h(65): warning:  #1295-D: Deprecated declaration noInterrupts - give arg types
  extern void noInterrupts();                // function to disable interrupts
..\RFM\rfm69.h(66): warning:  #1295-D: Deprecated declaration interrupts - give arg types
  extern void interrupts();                  // function to enable interrupts
..\RFM\rfm69.h(88): warning:  #1295-D: Deprecated declaration RFM69_getFrequency - give arg types
  extern uint32_t RFM69_getFrequency();
..\RFM\rfm69.h(89): warning:  #1295-D: Deprecated declaration RFM69_getAddress - give arg types
  extern uint8_t RFM69_getAddress();
..\RFM\rfm69.h(90): warning:  #1295-D: Deprecated declaration RFM69_getNetwork - give arg types
  extern uint16_t RFM69_getNetwork();
..\RFM\rfm69.h(94): warning:  #1-D: last line of file ends without a newline
  //#endif
..\ACCELERO\accelero_meter.h(47): warning:  #1-D: last line of file ends without a newline
  //#endif
main.c(210): warning:  #177-D: variable "i" was declared but never referenced
     u8 i;
main.c(250): warning:  #177-D: variable "temp" was declared but never referenced
        u8 temp;
main.c: 9 warnings, 0 errors
compiling led.c...
compiling timerx.c...
compiling inputs.c...
inputs.c(290): warning:  #550-D: variable "siDelta" was set but never used
        s16  siDelta = 0;
inputs.c(519): warning:  #177-D: variable "port_temp" was declared but never referenced
        u16 port_temp;
inputs.c(520): warning:  #177-D: variable "swap_adc" was declared but never referenced
        u16     swap_adc ;
inputs.c(522): warning:  #177-D: variable "ad_buf" was declared but never referenced
        uint16_t ad_buf = 0 ;
inputs.c: 4 warnings, 0 errors
compiling output.c...
..\OUTPUT\output.c(285): warning:  #177-D: variable "TIM_TimeBaseStructure" was declared but never referenced
        TIM_TimeBaseInitTypeDef TIM_TimeBaseStructure;
..\OUTPUT\output.c(286): warning:  #177-D: variable "TIM_OCInitStructure" was declared but never referenced
        TIM_OCInitTypeDef TIM_OCInitStructure;
..\OUTPUT\output.c: 2 warnings, 0 errors
compiling key.c...
..\KEY\key.c(100): warning:  #177-D: variable "i" was declared but never referenced
        u8 i ;
..\KEY\key.c: 1 warning, 0 errors
compiling usart.c...
compiling psock.c...
compiling uip.c...
compiling uip_arp.c...
compiling uip-fw.c...
compiling uiplib.c...
compiling uip-neighbor.c...
compiling uip-split.c...
compiling tapdev.c...
compiling tcp_demo.c...
compiling dhcpc.c...
..\uIP-1.0\apps\dhcpc\dhcpc.c(327): warning:  #177-D: variable "ipaddr" was declared but never referenced
        uip_ipaddr_t ipaddr;
..\uIP-1.0\apps\dhcpc\dhcpc.c: 1 warning, 0 errors
compiling resolv.c...
compiling tcp_modbus.c...
compiling udp_scan.c...
..\RFM\rfm69.h(65): warning:  #1295-D: Deprecated declaration noInterrupts - give arg types
  extern void noInterrupts();                // function to disable interrupts
..\RFM\rfm69.h(66): warning:  #1295-D: Deprecated declaration interrupts - give arg types
  extern void interrupts();                  // function to enable interrupts
..\RFM\rfm69.h(88): warning:  #1295-D: Deprecated declaration RFM69_getFrequency - give arg types
  extern uint32_t RFM69_getFrequency();
..\RFM\rfm69.h(89): warning:  #1295-D: Deprecated declaration RFM69_getAddress - give arg types
  extern uint8_t RFM69_getAddress();
..\RFM\rfm69.h(90): warning:  #1295-D: Deprecated declaration RFM69_getNetwork - give arg types
  extern uint16_t RFM69_getNetwork();
..\RFM\rfm69.h(94): warning:  #1-D: last line of file ends without a newline
  //#endif
..\uIP-APP\udp_scan.c: 6 warnings, 0 errors
compiling modbus.c...
..\RFM\rfm69.h(65): warning:  #1295-D: Deprecated declaration noInterrupts - give arg types
  extern void noInterrupts();                // function to disable interrupts
..\RFM\rfm69.h(66): warning:  #1295-D: Deprecated declaration interrupts - give arg types
  extern void interrupts();                  // function to enable interrupts
..\RFM\rfm69.h(88): warning:  #1295-D: Deprecated declaration RFM69_getFrequency - give arg types
  extern uint32_t RFM69_getFrequency();
..\RFM\rfm69.h(89): warning:  #1295-D: Deprecated declaration RFM69_getAddress - give arg types
  extern uint8_t RFM69_getAddress();
..\RFM\rfm69.h(90): warning:  #1295-D: Deprecated declaration RFM69_getNetwork - give arg types
  extern uint16_t RFM69_getNetwork();
..\RFM\rfm69.h(94): warning:  #1-D: last line of file ends without a newline
  //#endif
..\ACCELERO\accelero_meter.h(47): warning:  #1-D: last line of file ends without a newline
  //#endif
..\MODBUS\modbus.c(585): warning:  #177-D: variable "modbus_temp" was declared but never referenced
              u16 modbus_temp ;
..\MODBUS\modbus.c(586): warning:  #177-D: variable "cal_temp" was declared but never referenced
              s16 cal_temp = 0 ;
..\MODBUS\modbus.c(210): warning:  #177-D: variable "div_buf" was declared but never referenced
     u8 div_buf ;
..\MODBUS\modbus.c(1814): warning:  #223-D: function "RFM69_select" declared implicitly
                         RFM69_select();
..\MODBUS\modbus.c(1817): warning:  #223-D: function "RFM69_unselect" declared implicitly
                                RFM69_unselect();
..\MODBUS\modbus.c(1495): warning:  #177-D: variable "div_temp" was declared but never referenced
        u16 div_temp ;
..\MODBUS\modbus.c(1496): warning:  #177-D: variable "address_buf" was declared but never referenced
        u16 address_buf ;
..\MODBUS\modbus.c: 14 warnings, 0 errors
compiling filter.c...
..\FILTER\filter.c(169): warning:  #940-D: missing return statement at end of non-void function "RangeConverter"
  }
..\FILTER\filter.c: 1 warning, 0 errors
compiling t3-pt12.c...
compiling read_pt.c...
compiling pt12_i2c.c...
compiling bacnet_function.c...
..\RFM\rfm69.h(65): warning:  #1295-D: Deprecated declaration noInterrupts - give arg types
  extern void noInterrupts();                // function to disable interrupts
..\RFM\rfm69.h(66): warning:  #1295-D: Deprecated declaration interrupts - give arg types
  extern void interrupts();                  // function to enable interrupts
..\RFM\rfm69.h(88): warning:  #1295-D: Deprecated declaration RFM69_getFrequency - give arg types
  extern uint32_t RFM69_getFrequency();
..\RFM\rfm69.h(89): warning:  #1295-D: Deprecated declaration RFM69_getAddress - give arg types
  extern uint8_t RFM69_getAddress();
..\RFM\rfm69.h(90): warning:  #1295-D: Deprecated declaration RFM69_getNetwork - give arg types
  extern uint16_t RFM69_getNetwork();
..\RFM\rfm69.h(94): warning:  #1-D: last line of file ends without a newline
  //#endif
..\baclib\bacnet_function.c(281): warning:  #111-D: statement is unreachable
                break;
..\baclib\bacnet_function.c(292): warning:  #111-D: statement is unreachable
                break;
..\baclib\bacnet_function.c(299): warning:  #940-D: missing return statement at end of non-void function "Get_bacnet_value_from_buf"
  }
..\baclib\bacnet_function.c(599): warning:  #940-D: missing return statement at end of non-void function "get_AM_Status"
  }
..\baclib\bacnet_function.c: 10 warnings, 0 errors
compiling bip.c...
..\baclib\bip.c(470): warning:  #550-D: variable "original_sin" was set but never used
                struct sockaddr_in original_sin = {0};
..\baclib\bip.c(471): warning:  #550-D: variable "dest" was set but never used
                struct sockaddr_in dest = {0};
..\baclib\bip.c: 2 warnings, 0 errors
compiling io_control.c...
..\INPUT_LIB\io_control.c(77): warning:  #940-D: missing return statement at end of non-void function "conver_by_unit_custable"
  }
..\INPUT_LIB\io_control.c: 1 warning, 0 errors
compiling outputs.c...
compiling inputs.c...
..\ACCELERO\accelero_meter.h(47): warning:  #1-D: last line of file ends without a newline
  //#endif
..\INPUT_LIB\inputs.c: 1 warning, 0 errors
compiling store.c...
compiling info.c...
..\INFO\info.c(24): warning:  #1-D: last line of file ends without a newline
        
..\INFO\info.c: 1 warning, 0 errors
compiling rfm69.c...
..\RFM\rfm69.h(65): warning:  #1295-D: Deprecated declaration noInterrupts - give arg types
  extern void noInterrupts();                // function to disable interrupts
..\RFM\rfm69.h(66): warning:  #1295-D: Deprecated declaration interrupts - give arg types
  extern void interrupts();                  // function to enable interrupts
..\RFM\rfm69.h(88): warning:  #1295-D: Deprecated declaration RFM69_getFrequency - give arg types
  extern uint32_t RFM69_getFrequency();
..\RFM\rfm69.h(89): warning:  #1295-D: Deprecated declaration RFM69_getAddress - give arg types
  extern uint8_t RFM69_getAddress();
..\RFM\rfm69.h(90): warning:  #1295-D: Deprecated declaration RFM69_getNetwork - give arg types
  extern uint16_t RFM69_getNetwork();
..\RFM\rfm69.h(94): warning:  #1-D: last line of file ends without a newline
  //#endif
..\RFM\rfm69.c(68): warning:  #1295-D: Deprecated declaration noInterrupts - give arg types
  void noInterrupts();                // function to disable interrupts
..\RFM\rfm69.c(69): warning:  #1295-D: Deprecated declaration interrupts - give arg types
  void interrupts();                  // function to enable interrupts
..\RFM\rfm69.c(433): warning:  #550-D: variable "freq" was set but never used
        uint32_t freq;
..\RFM\rfm69.c(649): warning:  #550-D: variable "regVal" was set but never used
    uint8_t regVal;
..\RFM\rfm69.c(652): warning:  #177-D: variable "capVal" was declared but never referenced
    int capVal;
..\RFM\rfm69.c(655): warning:  #177-D: variable "modeFSK" was declared but never referenced
    uint8_t modeFSK = 0;
..\RFM\rfm69.c(656): warning:  #177-D: variable "bitRate" was declared but never referenced
    int bitRate = 0;
..\RFM\rfm69.c(657): warning:  #177-D: variable "freqDev" was declared but never referenced
    int freqDev = 0;
..\RFM\rfm69.c(658): warning:  #177-D: variable "freqCenter" was declared but never referenced
    long freqCenter = 0;
..\RFM\rfm69.c(1015): warning:  #1-D: last line of file ends without a newline
  #endif
..\RFM\rfm69.c: 16 warnings, 0 errors
compiling air_flow.c...
..\RFM\rfm69.h(65): warning:  #1295-D: Deprecated declaration noInterrupts - give arg types
  extern void noInterrupts();                // function to disable interrupts
..\RFM\rfm69.h(66): warning:  #1295-D: Deprecated declaration interrupts - give arg types
  extern void interrupts();                  // function to enable interrupts
..\RFM\rfm69.h(88): warning:  #1295-D: Deprecated declaration RFM69_getFrequency - give arg types
  extern uint32_t RFM69_getFrequency();
..\RFM\rfm69.h(89): warning:  #1295-D: Deprecated declaration RFM69_getAddress - give arg types
  extern uint8_t RFM69_getAddress();
..\RFM\rfm69.h(90): warning:  #1295-D: Deprecated declaration RFM69_getNetwork - give arg types
  extern uint16_t RFM69_getNetwork();
..\RFM\rfm69.h(94): warning:  #1-D: last line of file ends without a newline
  //#endif
..\AIRFLOW\air_flow.c: 6 warnings, 0 errors
linking...
Program Size: Code=93710 RO-data=2454 RW-data=644 ZI-data=62452  
FromELF: creating hex file...
"..\OBJ\T3_6cta_REV2_4.axf" - 0 Error(s), 75 Warning(s).

<h2>Collection of Component include folders:</h2>
  G:\T3_6CT\T3_ARM\USER\RTE
  C:\Keil_v5\ARM\PACK\Keil\STM32F1xx_DFP\2.0.0

<h2>Collection of Component Files used:</h2>
</pre>
</body>
</html>
